@catppuccin_status_application #[fg=#eba0ac,nobold,nounderscore,noitalics]#[fg=#11111b,bg=#eba0ac] #[fg=#eba0ac,bg=#181825]#[fg=#cdd6f4] #{E:@catppuccin_application_text}#[fg=#181825]█
